App.tsx(174,4): error TS1128: Declaration or statement expected.
App.tsx(174,40): error TS1005: ';' expected.
